[WebServer] INFO:     Started server process [157842]
[WebServer] INFO:     Waiting for application startup.
[WebServer] INFO:     Application startup complete.
[WebServer] INFO:     Uvicorn running on http://127.0.0.1:18763 (Press CTRL+C to quit)

Running 60 tests using 1 worker

(node:157850) Warning: The 'NO_COLOR' env is ignored due to the 'FORCE_COLOR' env being set.
(Use `node --trace-warnings ...` to show where the warning was created)
  ✓   1 e2e/filter-reset.spec.ts:16:3 › E2E-590-accessUsers @large-data clearing search never resurrects the old page (1.0s)
  ✓   2 e2e/filter-reset.spec.ts:16:3 › E2E-590-accessRoles @large-data clearing search never resurrects the old page (918ms)
  ✓   3 e2e/filter-reset.spec.ts:16:3 › E2E-590-accessGrants @large-data clearing search never resurrects the old page (888ms)
  ✓   4 e2e/filter-reset.spec.ts:16:3 › E2E-590-credentials @large-data clearing search never resurrects the old page (915ms)
  ✓   5 e2e/filter-reset.spec.ts:16:3 › E2E-590-personalTokens @large-data clearing search never resurrects the old page (984ms)
  ✓   6 e2e/filter-reset.spec.ts:16:3 › E2E-590-downstreamCredentials @large-data clearing search never resurrects the old page (1.0s)
  ✓   7 e2e/filter-reset.spec.ts:16:3 › E2E-590-runtimeCache @large-data clearing search never resurrects the old page (932ms)
  ✓   8 e2e/filter-reset.spec.ts:16:3 › E2E-590-toolClassifications @large-data clearing search never resurrects the old page (1.1s)
  ✓   9 e2e/filter-reset.spec.ts:55:1 › E2E-592 @smoke audit reset clears search and immediately requests defaults (1.3s)
  ✓  10 e2e/git-network-settings.spec.ts:10:5 › system settings and lossless Git network selection en-US 1600x900 (2.1s)
  ✓  11 e2e/git-network-settings.spec.ts:10:5 › system settings and lossless Git network selection zh-CN 1600x900 (2.2s)
  ✓  12 e2e/git-network-settings.spec.ts:10:5 › system settings and lossless Git network selection en-US 1920x1080 (2.2s)
  ✓  13 e2e/git-network-settings.spec.ts:10:5 › system settings and lossless Git network selection zh-CN 1920x1080 (2.2s)
  ✓  14 e2e/git-network-settings.spec.ts:10:5 › system settings and lossless Git network selection en-US 2560x1080 (2.2s)
  ✓  15 e2e/git-network-settings.spec.ts:10:5 › system settings and lossless Git network selection zh-CN 2560x1080 (2.3s)
  ✓  16 e2e/git-network-settings.spec.ts:10:5 › system settings and lossless Git network selection en-US 2560x1440 (2.5s)
  ✓  17 e2e/git-network-settings.spec.ts:10:5 › system settings and lossless Git network selection zh-CN 2560x1440 (2.3s)
  ✓  18 e2e/git-network-settings.spec.ts:52:1 › Git execution blocker keeps source inputs and dispatches no import/build/start (971ms)
  ✓  19 e2e/http-trust.spec.ts:19:1 › E2E-210 @full private HTTP trust confirms the exact draft target, invalidates edits and never saves configuration (1.7s)
  ✓  20 e2e/http-trust.spec.ts:73:1 › E2E-211 @full HTTP trust failure remains visible and retries only after a fresh read (1.3s)
  ✓  21 e2e/http-trust.spec.ts:93:1 › E2E-212 @full ordinary operator receives guidance without reading trust records (1.2s)
  ✓  22 e2e/http-trust.spec.ts:109:1 › E2E-213 @full changing the draft service ID invalidates HTTP trust confirmation without a write (1.6s)
  ✓  23 e2e/http-trust.spec.ts:132:1 › E2E-214 @full current denial overrides cached authorization and reloads each new revision before confirmation (2.3s)
  ✓  24 e2e/http-trust.spec.ts:184:1 › E2E-215 @full revoked cached trust with a failed refresh remains denied until explicit read retry (1.6s)
  ✓  25 e2e/large-data.spec.ts:20:1 › E2E-101 @large-data 5000 tools render one page and reset internal scroll (1.2s)
  ✓  26 e2e/large-data.spec.ts:35:1 › E2E-102 @large-data 5000 classifications bound DOM and keep review action visible (1.5s)
  ✓  27 e2e/large-data.spec.ts:56:1 › E2E-103 @large-data 200 credentials bound DOM (665ms)
  ✓  28 e2e/large-data.spec.ts:63:1 › E2E-104 @large-data 100 services bound document height and show primary action (1.0s)
  ✓  29 e2e/large-data.spec.ts:72:3 › E2E-110 @large-data accessUsers renders a bounded synthetic page (670ms)
  ✓  30 e2e/large-data.spec.ts:72:3 › E2E-111 @large-data accessRoles renders a bounded synthetic page (658ms)
  ✓  31 e2e/large-data.spec.ts:72:3 › E2E-112 @large-data accessGrants renders a bounded synthetic page (681ms)
  ✓  32 e2e/large-data.spec.ts:72:3 › E2E-113 @large-data invocationAudit renders a bounded synthetic page (716ms)
  ✓  33 e2e/large-data.spec.ts:72:3 › E2E-114 @large-data personalTokens renders a bounded synthetic page (686ms)
  ✓  34 e2e/large-data.spec.ts:72:3 › E2E-115 @large-data downstreamCredentials renders a bounded synthetic page (831ms)
  ✓  35 e2e/large-data.spec.ts:72:3 › E2E-116 @large-data runtimeCache renders a bounded synthetic page (649ms)
  ✓  36 e2e/large-data.spec.ts:72:3 › E2E-117 @large-data logs renders a bounded synthetic page (809ms)
  ✓  37 e2e/large-data.spec.ts:83:1 › E2E-118 @large-data events render a bounded page (882ms)
  ✓  38 e2e/large-data.spec.ts:91:1 › E2E-119 @large-data build and deployment records render bounded pages (812ms)
  ✓  39 e2e/large-data.spec.ts:102:1 › E2E-120 @large-data upload history renders 20 synthetic projects (822ms)
  ✓  40 e2e/large-data.spec.ts:110:1 › E2E-121 @large-data advanced configs render 50 of 100 manifests (823ms)
  ✓  41 e2e/large-data.spec.ts:119:1 › E2E-122 @large-data 200 disabled personal scope drafts render one page (1.0s)
  ✓  42 e2e/large-data.spec.ts:128:1 › E2E-123 @large-data 30 permission types remain bounded (1.0s)
  ✓  43 e2e/large-data.spec.ts:136:1 › E2E-124 @large-data dashboard displays the 100-service authorized fixture (730ms)
  -  44 e2e/layout-audit.spec.ts:11:3 › Layout evidence 2048x1222 @layout-evidence
  -  45 e2e/layout-audit.spec.ts:11:3 › Layout evidence 1366x768 @layout-evidence
  -  46 e2e/layout-audit.spec.ts:11:3 › Layout evidence 390x844 @layout-evidence
  -  47 e2e/layout-audit.spec.ts:11:3 › Layout evidence 1280x600 @layout-evidence
  ✓  48 e2e/list-context.spec.ts:18:3 › E2E-401 configs preserves context through middle/end/filter/page 1280x600 @list-context (2.2s)
  ✓  49 e2e/list-context.spec.ts:18:3 › E2E-402 credentials preserves context through middle/end/filter/page 1280x600 @list-context (1.6s)
  ✓  50 e2e/list-context.spec.ts:18:3 › E2E-403 runtimeCache preserves context through middle/end/filter/page 1280x600 @list-context (1.8s)
  ✓  51 e2e/list-context.spec.ts:18:3 › E2E-404 accessUsers preserves context through middle/end/filter/page 1280x600 @list-context (1.8s)
  ✓  52 e2e/list-context.spec.ts:18:3 › E2E-405 accessRoles preserves context through middle/end/filter/page 1280x600 @list-context (2.0s)
  ✓  53 e2e/list-context.spec.ts:18:3 › E2E-406 accessGrants preserves context through middle/end/filter/page 1280x600 @list-context (1.8s)
  ✓  54 e2e/list-context.spec.ts:18:3 › E2E-407 toolClassifications preserves context through middle/end/filter/page 1280x600 @list-context (2.1s)
  ✓  55 e2e/list-context.spec.ts:18:3 › E2E-408 invocationAudit preserves context through middle/end/filter/page 1280x600 @list-context (2.1s)
  ✓  56 e2e/list-context.spec.ts:18:3 › E2E-409 personalTokens preserves context through middle/end/filter/page 1280x600 @list-context (1.6s)
  ✓  57 e2e/list-context.spec.ts:82:3 › E2E-410 Build history exposes actions and keeps search/pager through scroll 1280x600 @list-context (1.3s)
  ✓  58 e2e/list-context.spec.ts:82:3 › E2E-411 Deployment history exposes actions and keeps search/pager through scroll 1280x600 @list-context (1.3s)
  -  59 e2e/log-tool-scope.spec.ts:13:58 › E2E-540 @log-tool-scope scoped tools, history, empty and repeated reset 1188
  -  60 e2e/log-tool-scope.spec.ts:13:58 › E2E-541 @log-tool-scope scoped tools, history, empty and repeated reset 390

  6 skipped
  54 passed (1.3m)
