[WebServer] INFO:     Started server process [164173]
[WebServer] INFO:     Waiting for application startup.
[WebServer] INFO:     Application startup complete.
[WebServer] INFO:     Uvicorn running on http://127.0.0.1:18763 (Press CTRL+C to quit)

Running 20 tests using 1 worker

(node:164181) Warning: The 'NO_COLOR' env is ignored due to the 'FORCE_COLOR' env being set.
(Use `node --trace-warnings ...` to show where the warning was created)
  ✓   1 e2e/tool-origin.spec.ts:20:3 › E2E-218 @full en-US origin labels distinguish registry-builtins from an ID lookalike without mutations (1.4s)
  ✓   2 e2e/tool-origin.spec.ts:20:3 › E2E-218 @full zh-CN origin labels distinguish registry-builtins from an ID lookalike without mutations (1.4s)
  ✓   3 e2e/tool-review-origin.spec.ts:58:7 › tool-review Registry origins en-US light 1600x900 (2.3s)
  ✓   4 e2e/tool-review-origin.spec.ts:58:7 › tool-review Registry origins en-US dark 1600x900 (2.2s)
  ✓   5 e2e/tool-review-origin.spec.ts:58:7 › tool-review Registry origins zh-CN light 1600x900 (2.0s)
  ✓   6 e2e/tool-review-origin.spec.ts:58:7 › tool-review Registry origins zh-CN dark 1600x900 (2.0s)
  ✓   7 e2e/tool-review-origin.spec.ts:58:7 › tool-review Registry origins en-US light 1920x1080 (2.0s)
  ✓   8 e2e/tool-review-origin.spec.ts:58:7 › tool-review Registry origins en-US dark 1920x1080 (2.0s)
  ✓   9 e2e/tool-review-origin.spec.ts:58:7 › tool-review Registry origins zh-CN light 1920x1080 (2.0s)
  ✓  10 e2e/tool-review-origin.spec.ts:58:7 › tool-review Registry origins zh-CN dark 1920x1080 (2.1s)
  ✓  11 e2e/tool-review-origin.spec.ts:58:7 › tool-review Registry origins en-US light 2560x1080 (2.2s)
  ✓  12 e2e/tool-review-origin.spec.ts:58:7 › tool-review Registry origins en-US dark 2560x1080 (2.2s)
  ✓  13 e2e/tool-review-origin.spec.ts:58:7 › tool-review Registry origins zh-CN light 2560x1080 (2.3s)
  ✓  14 e2e/tool-review-origin.spec.ts:58:7 › tool-review Registry origins zh-CN dark 2560x1080 (2.0s)
  ✓  15 e2e/tool-review-origin.spec.ts:58:7 › tool-review Registry origins en-US light 2560x1440 (2.1s)
  ✓  16 e2e/tool-review-origin.spec.ts:58:7 › tool-review Registry origins en-US dark 2560x1440 (2.1s)
  ✓  17 e2e/tool-review-origin.spec.ts:58:7 › tool-review Registry origins zh-CN light 2560x1440 (2.2s)
  ✓  18 e2e/tool-review-origin.spec.ts:58:7 › tool-review Registry origins zh-CN dark 2560x1440 (2.3s)
  ✓  19 e2e/tool-review-origin.spec.ts:114:3 › tool-review rejects spoofed, missing and mixed origins en-US (2.3s)
  ✓  20 e2e/tool-review-origin.spec.ts:114:3 › tool-review rejects spoofed, missing and mixed origins zh-CN (2.5s)

  20 passed (44.4s)
