Unified follow-up integration validation
Base: 7d145c28a94a00a6c5d6f4f7d4fc38c0e6153436
Source: d8b1ee076ff39f60a9b633e414932adbd6478129
Execution: cloud Linux x86_64; CPython 3.14.4

focused
Command: python -m pytest -q tests/test_cli.py tests/test_schema_validation_budget.py tests/test_catalog_classification_projection.py tests/test_mcp_group_cache_api.py tests/test_catalog_group_adapter.py tests/test_access_control.py
........................................................................ [ 60%]
................................................                         [100%]
120 passed in 49.23s

related
Command: python -m pytest -q tests/test_mcp_groups.py tests/test_mcp_group_catalog.py tests/test_mcp_group_structures.py tests/test_mcp_group_routing.py tests/test_mcp_group_external_authority.py tests/test_mcp_group_mcp.py tests/test_tool_catalog.py tests/test_catalog_denial_audit.py tests/test_catalog_principal_ordering.py tests/test_catalog_external_dispatch.py tests/test_tool_classification_mcp.py tests/test_tool_classification_routes.py tests/test_oauth_scope_catalog.py tests/test_oauth_catalog_scaling.py tests/test_oauth_paged_catalog.py
........................................................................ [ 27%]
........................................................................ [ 55%]
........................................................................ [ 83%]
...........................................                              [100%]
259 passed in 287.87s (0:04:47)

Isolated scale: five_groups
Command: python -m pytest -q -s tests/test_mcp_group_catalog_scale.py::test_full_directory_5000_instances_50000_tools[five_groups]
GROUP_DIRECTORY_MEASUREMENTS {"instances": 5000, "registry_tools": 50000, "groups": 5, "over_cache_bytes": false, "retained_after_cold": 50000, "estimated_full_working_set_charged_bytes": 58700003, "members_per_group": 1000, "tools_per_request": 10000, "cold_samples": 5, "cold_p95_ms": 1753.361, "hot_samples": 10, "hot_p95_ms": 597.728, "catalog_page_samples": 10, "catalog_page_p95_ms": 311.693, "member_page_samples": 10, "member_page_p95_ms": 555.352, "cold_structure_counts": {"fingerprints": 50000, "normalizations": 50000, "canonical_serializations": 150000}, "warm_and_paged_additional_structure_counts": {"fingerprints": 0, "normalizations": 0, "canonical_serializations": 0}, "warm_initial_miss_min": 0, "warm_initial_miss_max": 0, "alternating_group_initial_misses": [], "writer_additional_preparations": 1, "config_writer_lock_wait_ms": 0.008, "cache_entries": 50000, "cache_charged_bytes": 58700003, "process_peak_rss_kib": 788472}
.
1 passed in 41.38s

Isolated scale: maximum_single_group
Command: python -m pytest -q -s tests/test_mcp_group_catalog_scale.py::test_full_directory_5000_instances_50000_tools[maximum_single_group]
GROUP_DIRECTORY_MEASUREMENTS {"instances": 5000, "registry_tools": 50000, "groups": 1, "over_cache_bytes": false, "retained_after_cold": 50000, "estimated_full_working_set_charged_bytes": 58700003, "members_per_group": 1000, "tools_per_request": 50000, "cold_samples": 5, "cold_p95_ms": 7534.353, "hot_samples": 10, "hot_p95_ms": 2724.013, "catalog_page_samples": 10, "catalog_page_p95_ms": 1737.521, "member_page_samples": 10, "member_page_p95_ms": 2053.542, "cold_structure_counts": {"fingerprints": 250000, "normalizations": 250000, "canonical_serializations": 750000}, "warm_and_paged_additional_structure_counts": {"fingerprints": 0, "normalizations": 0, "canonical_serializations": 0}, "warm_initial_miss_min": 0, "warm_initial_miss_max": 0, "alternating_group_initial_misses": [], "writer_additional_preparations": 1, "config_writer_lock_wait_ms": 0.008, "cache_entries": 50000, "cache_charged_bytes": 58700003, "process_peak_rss_kib": 777288}
.
1 passed in 101.55s (0:01:41)

Isolated scale: over_cache_bytes
Command: python -m pytest -q -s tests/test_mcp_group_catalog_scale.py::test_full_directory_5000_instances_50000_tools[over_cache_bytes]
GROUP_DIRECTORY_MEASUREMENTS {"instances": 5000, "registry_tools": 50000, "groups": 1, "over_cache_bytes": true, "retained_after_cold": 42259, "estimated_full_working_set_charged_bytes": 79400000, "members_per_group": 1000, "tools_per_request": 50000, "cold_samples": 5, "cold_p95_ms": 8122.123, "hot_samples": 10, "hot_p95_ms": 3124.263, "catalog_page_samples": 10, "catalog_page_p95_ms": 2530.976, "member_page_samples": 10, "member_page_p95_ms": 3415.138, "cold_structure_counts": {"fingerprints": 250000, "normalizations": 250000, "canonical_serializations": 750000}, "warm_and_paged_additional_structure_counts": {"fingerprints": 232230, "normalizations": 232230, "canonical_serializations": 696690}, "warm_initial_miss_min": 7741, "warm_initial_miss_max": 7741, "alternating_group_initial_misses": [7741, 7741, 7741, 7741], "writer_additional_preparations": 15483, "config_writer_lock_wait_ms": 0.007, "cache_entries": 42259, "cache_charged_bytes": 67107295, "process_peak_rss_kib": 778040}
.
1 passed in 150.57s (0:02:30)

Static checks (CPython 3.13.15 project environment)
All checks passed!
Success: no issues found in 158 source files
repository identity check passed
0.4.4
